Archive member included to satisfy reference by file (symbol)

c:/program files (x86)/microchip/xc32/v2.10/bin/bin/../../lib/gcc/pic32c/6.2.1/../../../../pic32c/lib/v7e-m/fpv5/hard\libpic32c.a(data_init.o)
                              build/RobotNetwork/production/_ext/2059666889/startup_xc32.o (__pic32c_data_initialization)
c:/program files (x86)/microchip/xc32/v2.10/bin/bin/../../lib/gcc/pic32c/6.2.1/../../../../pic32c/lib/v7e-m/fpv5/hard\libc.a(lib_a-exit.o)
                              c:/program files (x86)/microchip/xc32/v2.10/bin/bin/../../lib/gcc/pic32c/6.2.1/../../../../pic32c/lib/v7e-m/fpv5/hard/crt0.o (exit)
c:/program files (x86)/microchip/xc32/v2.10/bin/bin/../../lib/gcc/pic32c/6.2.1/../../../../pic32c/lib/v7e-m/fpv5/hard\libc.a(lib_a-impure.o)
                              c:/program files (x86)/microchip/xc32/v2.10/bin/bin/../../lib/gcc/pic32c/6.2.1/../../../../pic32c/lib/v7e-m/fpv5/hard\libc.a(lib_a-exit.o) (_global_impure_ptr)
c:/program files (x86)/microchip/xc32/v2.10/bin/bin/../../lib/gcc/pic32c/6.2.1/../../../../pic32c/lib/v7e-m/fpv5/hard\libc.a(lib_a-init.o)
                              c:/program files (x86)/microchip/xc32/v2.10/bin/bin/../../lib/gcc/pic32c/6.2.1/../../../../pic32c/lib/v7e-m/fpv5/hard/crt0.o (__libc_init_array)
c:/program files (x86)/microchip/xc32/v2.10/bin/bin/../../lib/gcc/pic32c/6.2.1/../../../../pic32c/lib/v7e-m/fpv5/hard\libc.a(lib_a-memcpy.o)
                              build/RobotNetwork/production/_ext/556613543/plib_efc.o (memcpy)
c:/program files (x86)/microchip/xc32/v2.10/bin/bin/../../lib/gcc/pic32c/6.2.1/../../../../pic32c/lib/v7e-m/fpv5/hard\libc.a(lib_a-memset.o)
                              c:/program files (x86)/microchip/xc32/v2.10/bin/bin/../../lib/gcc/pic32c/6.2.1/../../../../pic32c/lib/v7e-m/fpv5/hard/crt0.o (memset)
c:/program files (x86)/microchip/xc32/v2.10/bin/bin/../../lib/gcc/pic32c/6.2.1/../../../../pic32c/lib/v7e-m/fpv5/hard\libc.a(lib_a-__call_atexit.o)
                              c:/program files (x86)/microchip/xc32/v2.10/bin/bin/../../lib/gcc/pic32c/6.2.1/../../../../pic32c/lib/v7e-m/fpv5/hard\libc.a(lib_a-exit.o) (__call_exitprocs)
c:/program files (x86)/microchip/xc32/v2.10/bin/bin/../../lib/gcc/pic32c/6.2.1/../../../../pic32c/lib/v7e-m/fpv5/hard\libc.a(lib_a-atexit.o)
                              c:/program files (x86)/microchip/xc32/v2.10/bin/bin/../../lib/gcc/pic32c/6.2.1/../../../../pic32c/lib/v7e-m/fpv5/hard\libc.a(lib_a-__call_atexit.o) (atexit)
c:/program files (x86)/microchip/xc32/v2.10/bin/bin/../../lib/gcc/pic32c/6.2.1/../../../../pic32c/lib/v7e-m/fpv5/hard\libc.a(lib_a-fini.o)
                              c:/program files (x86)/microchip/xc32/v2.10/bin/bin/../../lib/gcc/pic32c/6.2.1/../../../../pic32c/lib/v7e-m/fpv5/hard\libc.a(lib_a-__call_atexit.o) (__libc_fini_array)
c:/program files (x86)/microchip/xc32/v2.10/bin/bin/../../lib/gcc/pic32c/6.2.1/../../../../pic32c/lib/v7e-m/fpv5/hard\libc.a(lib_a-__atexit.o)
                              c:/program files (x86)/microchip/xc32/v2.10/bin/bin/../../lib/gcc/pic32c/6.2.1/../../../../pic32c/lib/v7e-m/fpv5/hard\libc.a(lib_a-atexit.o) (__register_exitproc)

Microchip PIC32 Memory-Usage Report

ROM Program-Memory Usage
section                    address  length [bytes]      (dec)  Description
-------                 ----------  -------------------------  -----------
.vectors                  0x400000          0x168         360   
.text                     0x400168           0x24          36  App's exec code 
.dinit                    0x40018c          0x460        1120   
.text.Reset_Handler       0x4005ec          0x18c         396   
.text.__register_exitpr   0x400778           0xa4         164   
.text.PIO_Initialize      0x40081c           0x98         152   
.text.__pic32c_data_ini   0x4008b4           0x94         148   
.text                     0x400948           0x6c         108  App's exec code 
.text.CLOCK_Initialize    0x4009b4           0x60          96   
.text.__libc_init_array   0x400a14           0x50          80   
.text.__libc_fini_array   0x400a64           0x34          52   
.text.SYS_Initialize      0x400a98           0x24          36   
.text.NVIC_Initialize     0x400abc           0x24          36   
.text.register_fini       0x400ae0           0x14          20   
.text.EFC_Initialize      0x400af4           0x10          16   
.text.atexit              0x400b04            0xc          12   
.text.main                0x400b10            0xa          10   
.text.Dummy_Handler       0x400b1a            0x2           2   
.rodata._global_impure_   0x400b1c            0x4           4   
.text.NonMaskableInt_Ha   0x400b20            0x2           2   
.text.HardFault_Handler   0x400b22            0x2           2   
.text.DebugMonitor_Hand   0x400b24            0x2           2   
.text.MemoryManagement_   0x400b26            0x2           2   
.text.BusFault_Handler    0x400b28            0x2           2   
.text.UsageFault_Handle   0x400b2a            0x2           2   
      Total ROM used  :       0xb2c        2860  0.1% of 0x200000
        --------------------------------------------------------------------------
         Total Program Memory used  :       0xb2c        2860  0.1% of 0x200000
        --------------------------------------------------------------------------


RAM Data-Memory Usage
section                    address  length [bytes]      (dec)  Description
-------                 ----------  -------------------------  -----------
.data.impure_data       0x20400000          0x428        1064   
.bss                    0x20400428           0x1c          28  Uninitialized data 
.bss.cmd.7952           0x20400444            0x4           4   
         Total RAM used  :       0x448        1096  0.3% of 0x60000
        --------------------------------------------------------------------------
            Total Data Memory used  :       0x448        1096  0.3% of 0x60000
        --------------------------------------------------------------------------


Dynamic Data-Memory Reservation
section                    address  length [bytes]      (dec)  Description
-------                 ----------  -------------------------  -----------
heap                    0x20400450          0x200         512  Reserved for heap 
stack                   0x20400668        0x5f990      391568  Reserved for stack 

        --------------------------------------------------------------------------

Discarded input sections

 .text          0x00000000        0x0 c:/program files (x86)/microchip/xc32/v2.10/bin/bin/../../lib/gcc/pic32c/6.2.1/v7e-m/fpv5/hard/crti.o
 .data          0x00000000        0x0 c:/program files (x86)/microchip/xc32/v2.10/bin/bin/../../lib/gcc/pic32c/6.2.1/v7e-m/fpv5/hard/crti.o
 .bss           0x00000000        0x0 c:/program files (x86)/microchip/xc32/v2.10/bin/bin/../../lib/gcc/pic32c/6.2.1/v7e-m/fpv5/hard/crti.o
 .data          0x00000000        0x4 c:/program files (x86)/microchip/xc32/v2.10/bin/bin/../../lib/gcc/pic32c/6.2.1/v7e-m/fpv5/hard/crtbegin.o
 .text          0x00000000       0x74 c:/program files (x86)/microchip/xc32/v2.10/bin/bin/../../lib/gcc/pic32c/6.2.1/../../../../pic32c/lib/v7e-m/fpv5/hard/crt0.o
 .data          0x00000000        0x0 c:/program files (x86)/microchip/xc32/v2.10/bin/bin/../../lib/gcc/pic32c/6.2.1/../../../../pic32c/lib/v7e-m/fpv5/hard/crt0.o
 .bss           0x00000000        0x0 c:/program files (x86)/microchip/xc32/v2.10/bin/bin/../../lib/gcc/pic32c/6.2.1/../../../../pic32c/lib/v7e-m/fpv5/hard/crt0.o
 .ARM.extab     0x00000000        0x0 c:/program files (x86)/microchip/xc32/v2.10/bin/bin/../../lib/gcc/pic32c/6.2.1/../../../../pic32c/lib/v7e-m/fpv5/hard/crt0.o
 .ARM.exidx     0x00000000        0x8 c:/program files (x86)/microchip/xc32/v2.10/bin/bin/../../lib/gcc/pic32c/6.2.1/../../../../pic32c/lib/v7e-m/fpv5/hard/crt0.o
 .debug_line    0x00000000       0xc5 c:/program files (x86)/microchip/xc32/v2.10/bin/bin/../../lib/gcc/pic32c/6.2.1/../../../../pic32c/lib/v7e-m/fpv5/hard/crt0.o
 .debug_info    0x00000000      0x10f c:/program files (x86)/microchip/xc32/v2.10/bin/bin/../../lib/gcc/pic32c/6.2.1/../../../../pic32c/lib/v7e-m/fpv5/hard/crt0.o
 .debug_abbrev  0x00000000       0x14 c:/program files (x86)/microchip/xc32/v2.10/bin/bin/../../lib/gcc/pic32c/6.2.1/../../../../pic32c/lib/v7e-m/fpv5/hard/crt0.o
 .debug_aranges
                0x00000000       0x20 c:/program files (x86)/microchip/xc32/v2.10/bin/bin/../../lib/gcc/pic32c/6.2.1/../../../../pic32c/lib/v7e-m/fpv5/hard/crt0.o
 .ARM.attributes
                0x00000000       0x1e c:/program files (x86)/microchip/xc32/v2.10/bin/bin/../../lib/gcc/pic32c/6.2.1/../../../../pic32c/lib/v7e-m/fpv5/hard/crt0.o
 .text          0x00000000        0x0 build/RobotNetwork/production/_ext/1360937237/main.o
 .data          0x00000000        0x0 build/RobotNetwork/production/_ext/1360937237/main.o
 .bss           0x00000000        0x0 build/RobotNetwork/production/_ext/1360937237/main.o
 .text          0x00000000        0x0 build/RobotNetwork/production/_ext/2059666889/initialization.o
 .data          0x00000000        0x0 build/RobotNetwork/production/_ext/2059666889/initialization.o
 .bss           0x00000000        0x0 build/RobotNetwork/production/_ext/2059666889/initialization.o
 .text          0x00000000        0x0 build/RobotNetwork/production/_ext/2059666889/interrupts.o
 .data          0x00000000        0x0 build/RobotNetwork/production/_ext/2059666889/interrupts.o
 .bss           0x00000000        0x0 build/RobotNetwork/production/_ext/2059666889/interrupts.o
 .text          0x00000000        0x0 build/RobotNetwork/production/_ext/2059666889/exceptions.o
 .data          0x00000000        0x0 build/RobotNetwork/production/_ext/2059666889/exceptions.o
 .bss           0x00000000        0x0 build/RobotNetwork/production/_ext/2059666889/exceptions.o
 .text          0x00000000        0x0 build/RobotNetwork/production/_ext/150091599/xc32_monitor.o
 .data          0x00000000        0x0 build/RobotNetwork/production/_ext/150091599/xc32_monitor.o
 .bss           0x00000000        0x0 build/RobotNetwork/production/_ext/150091599/xc32_monitor.o
 .text._mon_getc
                0x00000000        0x4 build/RobotNetwork/production/_ext/150091599/xc32_monitor.o
 .text._mon_putc
                0x00000000        0x2 build/RobotNetwork/production/_ext/150091599/xc32_monitor.o
 .debug_info    0x00000000      0x24a build/RobotNetwork/production/_ext/150091599/xc32_monitor.o
 .debug_abbrev  0x00000000       0x75 build/RobotNetwork/production/_ext/150091599/xc32_monitor.o
 .debug_loc     0x00000000       0x21 build/RobotNetwork/production/_ext/150091599/xc32_monitor.o
 .debug_aranges
                0x00000000       0x28 build/RobotNetwork/production/_ext/150091599/xc32_monitor.o
 .debug_ranges  0x00000000       0x18 build/RobotNetwork/production/_ext/150091599/xc32_monitor.o
 .debug_line    0x00000000       0x6f build/RobotNetwork/production/_ext/150091599/xc32_monitor.o
 .debug_str     0x00000000        0x0 build/RobotNetwork/production/_ext/150091599/xc32_monitor.o
 .comment       0x00000000       0x3d build/RobotNetwork/production/_ext/150091599/xc32_monitor.o
 .debug_frame   0x00000000       0x30 build/RobotNetwork/production/_ext/150091599/xc32_monitor.o
 .ARM.attributes
                0x00000000       0x37 build/RobotNetwork/production/_ext/150091599/xc32_monitor.o
 .text          0x00000000        0x0 build/RobotNetwork/production/_ext/556611815/plib_clk.o
 .data          0x00000000        0x0 build/RobotNetwork/production/_ext/556611815/plib_clk.o
 .bss           0x00000000        0x0 build/RobotNetwork/production/_ext/556611815/plib_clk.o
 .text          0x00000000        0x0 build/RobotNetwork/production/_ext/556624219/plib_pio.o
 .data          0x00000000        0x0 build/RobotNetwork/production/_ext/556624219/plib_pio.o
 .bss           0x00000000        0x0 build/RobotNetwork/production/_ext/556624219/plib_pio.o
 .text.PIO_PortRead
                0x00000000        0x4 build/RobotNetwork/production/_ext/556624219/plib_pio.o
 .text.PIO_PortWrite
                0x00000000        0xc build/RobotNetwork/production/_ext/556624219/plib_pio.o
 .text.PIO_PortLatchRead
                0x00000000        0x4 build/RobotNetwork/production/_ext/556624219/plib_pio.o
 .text.PIO_PortSet
                0x00000000        0x4 build/RobotNetwork/production/_ext/556624219/plib_pio.o
 .text.PIO_PortClear
                0x00000000        0x4 build/RobotNetwork/production/_ext/556624219/plib_pio.o
 .text.PIO_PortToggle
                0x00000000        0x8 build/RobotNetwork/production/_ext/556624219/plib_pio.o
 .text.PIO_PortInputEnable
                0x00000000        0x4 build/RobotNetwork/production/_ext/556624219/plib_pio.o
 .text.PIO_PortOutputEnable
                0x00000000        0x4 build/RobotNetwork/production/_ext/556624219/plib_pio.o
 .text          0x00000000        0x0 build/RobotNetwork/production/_ext/75434429/plib_nvic.o
 .data          0x00000000        0x0 build/RobotNetwork/production/_ext/75434429/plib_nvic.o
 .bss           0x00000000        0x0 build/RobotNetwork/production/_ext/75434429/plib_nvic.o
 .text          0x00000000        0x0 build/RobotNetwork/production/_ext/2059666889/startup_xc32.o
 .data          0x00000000        0x0 build/RobotNetwork/production/_ext/2059666889/startup_xc32.o
 .bss           0x00000000        0x0 build/RobotNetwork/production/_ext/2059666889/startup_xc32.o
 .text          0x00000000        0x0 build/RobotNetwork/production/_ext/2059666889/libc_syscalls.o
 .data          0x00000000        0x0 build/RobotNetwork/production/_ext/2059666889/libc_syscalls.o
 .bss           0x00000000        0x0 build/RobotNetwork/production/_ext/2059666889/libc_syscalls.o
 .text._exit    0x00000000        0x2 build/RobotNetwork/production/_ext/2059666889/libc_syscalls.o
 .debug_info    0x00000000      0xe63 build/RobotNetwork/production/_ext/2059666889/libc_syscalls.o
 .debug_abbrev  0x00000000      0x1a8 build/RobotNetwork/production/_ext/2059666889/libc_syscalls.o
 .debug_aranges
                0x00000000       0x20 build/RobotNetwork/production/_ext/2059666889/libc_syscalls.o
 .debug_ranges  0x00000000       0x10 build/RobotNetwork/production/_ext/2059666889/libc_syscalls.o
 .debug_line    0x00000000      0x1ec build/RobotNetwork/production/_ext/2059666889/libc_syscalls.o
 .debug_str     0x00000000        0xe build/RobotNetwork/production/_ext/2059666889/libc_syscalls.o
 .comment       0x00000000       0x3d build/RobotNetwork/production/_ext/2059666889/libc_syscalls.o
 .debug_frame   0x00000000       0x20 build/RobotNetwork/production/_ext/2059666889/libc_syscalls.o
 .ARM.attributes
                0x00000000       0x37 build/RobotNetwork/production/_ext/2059666889/libc_syscalls.o
 .text          0x00000000        0x0 build/RobotNetwork/production/_ext/556613543/plib_efc.o
 .data          0x00000000        0x0 build/RobotNetwork/production/_ext/556613543/plib_efc.o
 .bss           0x00000000        0x0 build/RobotNetwork/production/_ext/556613543/plib_efc.o
 .text.EFC_Read
                0x00000000       0x10 build/RobotNetwork/production/_ext/556613543/plib_efc.o
 .text.EFC_SectorErase
                0x00000000       0x34 build/RobotNetwork/production/_ext/556613543/plib_efc.o
 .text.EFC_PageWrite
                0x00000000       0x58 build/RobotNetwork/production/_ext/556613543/plib_efc.o
 .text.EFC_QuadWordWrite
                0x00000000       0x48 build/RobotNetwork/production/_ext/556613543/plib_efc.o
 .text.EFC_RegionLock
                0x00000000       0x2c build/RobotNetwork/production/_ext/556613543/plib_efc.o
 .text.EFC_RegionUnlock
                0x00000000       0x2c build/RobotNetwork/production/_ext/556613543/plib_efc.o
 .text.EFC_IsBusy
                0x00000000       0x20 build/RobotNetwork/production/_ext/556613543/plib_efc.o
 .text.EFC_ErrorGet
                0x00000000       0x18 build/RobotNetwork/production/_ext/556613543/plib_efc.o
 .bss.status    0x00000000        0x4 build/RobotNetwork/production/_ext/556613543/plib_efc.o
 .text          0x00000000        0x0 c:/program files (x86)/microchip/xc32/v2.10/bin/bin/../../lib/gcc/pic32c/6.2.1/../../../../pic32c/lib/v7e-m/fpv5/hard\libpic32c.a(data_init.o)
 .data          0x00000000        0x0 c:/program files (x86)/microchip/xc32/v2.10/bin/bin/../../lib/gcc/pic32c/6.2.1/../../../../pic32c/lib/v7e-m/fpv5/hard\libpic32c.a(data_init.o)
 .bss           0x00000000        0x0 c:/program files (x86)/microchip/xc32/v2.10/bin/bin/../../lib/gcc/pic32c/6.2.1/../../../../pic32c/lib/v7e-m/fpv5/hard\libpic32c.a(data_init.o)
 .text          0x00000000        0x0 c:/program files (x86)/microchip/xc32/v2.10/bin/bin/../../lib/gcc/pic32c/6.2.1/../../../../pic32c/lib/v7e-m/fpv5/hard\libc.a(lib_a-exit.o)
 .data          0x00000000        0x0 c:/program files (x86)/microchip/xc32/v2.10/bin/bin/../../lib/gcc/pic32c/6.2.1/../../../../pic32c/lib/v7e-m/fpv5/hard\libc.a(lib_a-exit.o)
 .bss           0x00000000        0x0 c:/program files (x86)/microchip/xc32/v2.10/bin/bin/../../lib/gcc/pic32c/6.2.1/../../../../pic32c/lib/v7e-m/fpv5/hard\libc.a(lib_a-exit.o)
 .text.exit     0x00000000       0x20 c:/program files (x86)/microchip/xc32/v2.10/bin/bin/../../lib/gcc/pic32c/6.2.1/../../../../pic32c/lib/v7e-m/fpv5/hard\libc.a(lib_a-exit.o)
 .debug_info    0x00000000      0xeaa c:/program files (x86)/microchip/xc32/v2.10/bin/bin/../../lib/gcc/pic32c/6.2.1/../../../../pic32c/lib/v7e-m/fpv5/hard\libc.a(lib_a-exit.o)
 .debug_abbrev  0x00000000      0x1e9 c:/program files (x86)/microchip/xc32/v2.10/bin/bin/../../lib/gcc/pic32c/6.2.1/../../../../pic32c/lib/v7e-m/fpv5/hard\libc.a(lib_a-exit.o)
 .debug_loc     0x00000000       0x3e c:/program files (x86)/microchip/xc32/v2.10/bin/bin/../../lib/gcc/pic32c/6.2.1/../../../../pic32c/lib/v7e-m/fpv5/hard\libc.a(lib_a-exit.o)
 .debug_aranges
                0x00000000       0x20 c:/program files (x86)/microchip/xc32/v2.10/bin/bin/../../lib/gcc/pic32c/6.2.1/../../../../pic32c/lib/v7e-m/fpv5/hard\libc.a(lib_a-exit.o)
 .debug_ranges  0x00000000       0x10 c:/program files (x86)/microchip/xc32/v2.10/bin/bin/../../lib/gcc/pic32c/6.2.1/../../../../pic32c/lib/v7e-m/fpv5/hard\libc.a(lib_a-exit.o)
 .debug_line    0x00000000      0x23c c:/program files (x86)/microchip/xc32/v2.10/bin/bin/../../lib/gcc/pic32c/6.2.1/../../../../pic32c/lib/v7e-m/fpv5/hard\libc.a(lib_a-exit.o)
 .debug_str     0x00000000       0x1f c:/program files (x86)/microchip/xc32/v2.10/bin/bin/../../lib/gcc/pic32c/6.2.1/../../../../pic32c/lib/v7e-m/fpv5/hard\libc.a(lib_a-exit.o)
 .comment       0x00000000       0x3d c:/program files (x86)/microchip/xc32/v2.10/bin/bin/../../lib/gcc/pic32c/6.2.1/../../../../pic32c/lib/v7e-m/fpv5/hard\libc.a(lib_a-exit.o)
 .debug_frame   0x00000000       0x28 c:/program files (x86)/microchip/xc32/v2.10/bin/bin/../../lib/gcc/pic32c/6.2.1/../../../../pic32c/lib/v7e-m/fpv5/hard\libc.a(lib_a-exit.o)
 .ARM.attributes
                0x00000000       0x32 c:/program files (x86)/microchip/xc32/v2.10/bin/bin/../../lib/gcc/pic32c/6.2.1/../../../../pic32c/lib/v7e-m/fpv5/hard\libc.a(lib_a-exit.o)
 .text          0x00000000        0x0 c:/program files (x86)/microchip/xc32/v2.10/bin/bin/../../lib/gcc/pic32c/6.2.1/../../../../pic32c/lib/v7e-m/fpv5/hard\libc.a(lib_a-impure.o)
 .data          0x00000000        0x0 c:/program files (x86)/microchip/xc32/v2.10/bin/bin/../../lib/gcc/pic32c/6.2.1/../../../../pic32c/lib/v7e-m/fpv5/hard\libc.a(lib_a-impure.o)
 .bss           0x00000000        0x0 c:/program files (x86)/microchip/xc32/v2.10/bin/bin/../../lib/gcc/pic32c/6.2.1/../../../../pic32c/lib/v7e-m/fpv5/hard\libc.a(lib_a-impure.o)
 .data._impure_ptr
                0x00000000        0x4 c:/program files (x86)/microchip/xc32/v2.10/bin/bin/../../lib/gcc/pic32c/6.2.1/../../../../pic32c/lib/v7e-m/fpv5/hard\libc.a(lib_a-impure.o)
 .text          0x00000000        0x0 c:/program files (x86)/microchip/xc32/v2.10/bin/bin/../../lib/gcc/pic32c/6.2.1/../../../../pic32c/lib/v7e-m/fpv5/hard\libc.a(lib_a-init.o)
 .data          0x00000000        0x0 c:/program files (x86)/microchip/xc32/v2.10/bin/bin/../../lib/gcc/pic32c/6.2.1/../../../../pic32c/lib/v7e-m/fpv5/hard\libc.a(lib_a-init.o)
 .bss           0x00000000        0x0 c:/program files (x86)/microchip/xc32/v2.10/bin/bin/../../lib/gcc/pic32c/6.2.1/../../../../pic32c/lib/v7e-m/fpv5/hard\libc.a(lib_a-init.o)
 .text          0x00000000      0x134 c:/program files (x86)/microchip/xc32/v2.10/bin/bin/../../lib/gcc/pic32c/6.2.1/../../../../pic32c/lib/v7e-m/fpv5/hard\libc.a(lib_a-memcpy.o)
 .data          0x00000000        0x0 c:/program files (x86)/microchip/xc32/v2.10/bin/bin/../../lib/gcc/pic32c/6.2.1/../../../../pic32c/lib/v7e-m/fpv5/hard\libc.a(lib_a-memcpy.o)
 .bss           0x00000000        0x0 c:/program files (x86)/microchip/xc32/v2.10/bin/bin/../../lib/gcc/pic32c/6.2.1/../../../../pic32c/lib/v7e-m/fpv5/hard\libc.a(lib_a-memcpy.o)
 .debug_line    0x00000000       0xfb c:/program files (x86)/microchip/xc32/v2.10/bin/bin/../../lib/gcc/pic32c/6.2.1/../../../../pic32c/lib/v7e-m/fpv5/hard\libc.a(lib_a-memcpy.o)
 .debug_info    0x00000000      0x129 c:/program files (x86)/microchip/xc32/v2.10/bin/bin/../../lib/gcc/pic32c/6.2.1/../../../../pic32c/lib/v7e-m/fpv5/hard\libc.a(lib_a-memcpy.o)
 .debug_abbrev  0x00000000       0x14 c:/program files (x86)/microchip/xc32/v2.10/bin/bin/../../lib/gcc/pic32c/6.2.1/../../../../pic32c/lib/v7e-m/fpv5/hard\libc.a(lib_a-memcpy.o)
 .debug_aranges
                0x00000000       0x20 c:/program files (x86)/microchip/xc32/v2.10/bin/bin/../../lib/gcc/pic32c/6.2.1/../../../../pic32c/lib/v7e-m/fpv5/hard\libc.a(lib_a-memcpy.o)
 .ARM.attributes
                0x00000000       0x1e c:/program files (x86)/microchip/xc32/v2.10/bin/bin/../../lib/gcc/pic32c/6.2.1/../../../../pic32c/lib/v7e-m/fpv5/hard\libc.a(lib_a-memcpy.o)
 .text          0x00000000        0x0 c:/program files (x86)/microchip/xc32/v2.10/bin/bin/../../lib/gcc/pic32c/6.2.1/../../../../pic32c/lib/v7e-m/fpv5/hard\libc.a(lib_a-memset.o)
 .data          0x00000000        0x0 c:/program files (x86)/microchip/xc32/v2.10/bin/bin/../../lib/gcc/pic32c/6.2.1/../../../../pic32c/lib/v7e-m/fpv5/hard\libc.a(lib_a-memset.o)
 .bss           0x00000000        0x0 c:/program files (x86)/microchip/xc32/v2.10/bin/bin/../../lib/gcc/pic32c/6.2.1/../../../../pic32c/lib/v7e-m/fpv5/hard\libc.a(lib_a-memset.o)
 .text.memset   0x00000000       0x9c c:/program files (x86)/microchip/xc32/v2.10/bin/bin/../../lib/gcc/pic32c/6.2.1/../../../../pic32c/lib/v7e-m/fpv5/hard\libc.a(lib_a-memset.o)
 .debug_info    0x00000000     0x15e9 c:/program files (x86)/microchip/xc32/v2.10/bin/bin/../../lib/gcc/pic32c/6.2.1/../../../../pic32c/lib/v7e-m/fpv5/hard\libc.a(lib_a-memset.o)
 .debug_abbrev  0x00000000      0x1b7 c:/program files (x86)/microchip/xc32/v2.10/bin/bin/../../lib/gcc/pic32c/6.2.1/../../../../pic32c/lib/v7e-m/fpv5/hard\libc.a(lib_a-memset.o)
 .debug_loc     0x00000000      0x1f5 c:/program files (x86)/microchip/xc32/v2.10/bin/bin/../../lib/gcc/pic32c/6.2.1/../../../../pic32c/lib/v7e-m/fpv5/hard\libc.a(lib_a-memset.o)
 .debug_aranges
                0x00000000       0x20 c:/program files (x86)/microchip/xc32/v2.10/bin/bin/../../lib/gcc/pic32c/6.2.1/../../../../pic32c/lib/v7e-m/fpv5/hard\libc.a(lib_a-memset.o)
 .debug_ranges  0x00000000       0x10 c:/program files (x86)/microchip/xc32/v2.10/bin/bin/../../lib/gcc/pic32c/6.2.1/../../../../pic32c/lib/v7e-m/fpv5/hard\libc.a(lib_a-memset.o)
 .debug_line    0x00000000      0x300 c:/program files (x86)/microchip/xc32/v2.10/bin/bin/../../lib/gcc/pic32c/6.2.1/../../../../pic32c/lib/v7e-m/fpv5/hard\libc.a(lib_a-memset.o)
 .debug_str     0x00000000      0x119 c:/program files (x86)/microchip/xc32/v2.10/bin/bin/../../lib/gcc/pic32c/6.2.1/../../../../pic32c/lib/v7e-m/fpv5/hard\libc.a(lib_a-memset.o)
 .comment       0x00000000       0x3d c:/program files (x86)/microchip/xc32/v2.10/bin/bin/../../lib/gcc/pic32c/6.2.1/../../../../pic32c/lib/v7e-m/fpv5/hard\libc.a(lib_a-memset.o)
 .debug_frame   0x00000000       0x34 c:/program files (x86)/microchip/xc32/v2.10/bin/bin/../../lib/gcc/pic32c/6.2.1/../../../../pic32c/lib/v7e-m/fpv5/hard\libc.a(lib_a-memset.o)
 .ARM.attributes
                0x00000000       0x32 c:/program files (x86)/microchip/xc32/v2.10/bin/bin/../../lib/gcc/pic32c/6.2.1/../../../../pic32c/lib/v7e-m/fpv5/hard\libc.a(lib_a-memset.o)
 .text          0x00000000        0x0 c:/program files (x86)/microchip/xc32/v2.10/bin/bin/../../lib/gcc/pic32c/6.2.1/../../../../pic32c/lib/v7e-m/fpv5/hard\libc.a(lib_a-__call_atexit.o)
 .data          0x00000000        0x0 c:/program files (x86)/microchip/xc32/v2.10/bin/bin/../../lib/gcc/pic32c/6.2.1/../../../../pic32c/lib/v7e-m/fpv5/hard\libc.a(lib_a-__call_atexit.o)
 .bss           0x00000000        0x0 c:/program files (x86)/microchip/xc32/v2.10/bin/bin/../../lib/gcc/pic32c/6.2.1/../../../../pic32c/lib/v7e-m/fpv5/hard\libc.a(lib_a-__call_atexit.o)
 .text.__call_exitprocs
                0x00000000       0xd4 c:/program files (x86)/microchip/xc32/v2.10/bin/bin/../../lib/gcc/pic32c/6.2.1/../../../../pic32c/lib/v7e-m/fpv5/hard\libc.a(lib_a-__call_atexit.o)
 .text          0x00000000        0x0 c:/program files (x86)/microchip/xc32/v2.10/bin/bin/../../lib/gcc/pic32c/6.2.1/../../../../pic32c/lib/v7e-m/fpv5/hard\libc.a(lib_a-atexit.o)
 .data          0x00000000        0x0 c:/program files (x86)/microchip/xc32/v2.10/bin/bin/../../lib/gcc/pic32c/6.2.1/../../../../pic32c/lib/v7e-m/fpv5/hard\libc.a(lib_a-atexit.o)
 .bss           0x00000000        0x0 c:/program files (x86)/microchip/xc32/v2.10/bin/bin/../../lib/gcc/pic32c/6.2.1/../../../../pic32c/lib/v7e-m/fpv5/hard\libc.a(lib_a-atexit.o)
 .text          0x00000000        0x0 c:/program files (x86)/microchip/xc32/v2.10/bin/bin/../../lib/gcc/pic32c/6.2.1/../../../../pic32c/lib/v7e-m/fpv5/hard\libc.a(lib_a-fini.o)
 .data          0x00000000        0x0 c:/program files (x86)/microchip/xc32/v2.10/bin/bin/../../lib/gcc/pic32c/6.2.1/../../../../pic32c/lib/v7e-m/fpv5/hard\libc.a(lib_a-fini.o)
 .bss           0x00000000        0x0 c:/program files (x86)/microchip/xc32/v2.10/bin/bin/../../lib/gcc/pic32c/6.2.1/../../../../pic32c/lib/v7e-m/fpv5/hard\libc.a(lib_a-fini.o)
 .text          0x00000000        0x0 c:/program files (x86)/microchip/xc32/v2.10/bin/bin/../../lib/gcc/pic32c/6.2.1/../../../../pic32c/lib/v7e-m/fpv5/hard\libc.a(lib_a-__atexit.o)
 .data          0x00000000        0x0 c:/program files (x86)/microchip/xc32/v2.10/bin/bin/../../lib/gcc/pic32c/6.2.1/../../../../pic32c/lib/v7e-m/fpv5/hard\libc.a(lib_a-__atexit.o)
 .bss           0x00000000        0x0 c:/program files (x86)/microchip/xc32/v2.10/bin/bin/../../lib/gcc/pic32c/6.2.1/../../../../pic32c/lib/v7e-m/fpv5/hard\libc.a(lib_a-__atexit.o)
 .text          0x00000000        0x0 c:/program files (x86)/microchip/xc32/v2.10/bin/bin/../../lib/gcc/pic32c/6.2.1/v7e-m/fpv5/hard/crtend.o
 .data          0x00000000        0x0 c:/program files (x86)/microchip/xc32/v2.10/bin/bin/../../lib/gcc/pic32c/6.2.1/v7e-m/fpv5/hard/crtend.o
 .bss           0x00000000        0x0 c:/program files (x86)/microchip/xc32/v2.10/bin/bin/../../lib/gcc/pic32c/6.2.1/v7e-m/fpv5/hard/crtend.o
 .eh_frame      0x00000000        0x4 c:/program files (x86)/microchip/xc32/v2.10/bin/bin/../../lib/gcc/pic32c/6.2.1/v7e-m/fpv5/hard/crtend.o
 .jcr           0x00000000        0x4 c:/program files (x86)/microchip/xc32/v2.10/bin/bin/../../lib/gcc/pic32c/6.2.1/v7e-m/fpv5/hard/crtend.o
 .comment       0x00000000       0x3d c:/program files (x86)/microchip/xc32/v2.10/bin/bin/../../lib/gcc/pic32c/6.2.1/v7e-m/fpv5/hard/crtend.o
 .ARM.attributes
                0x00000000       0x32 c:/program files (x86)/microchip/xc32/v2.10/bin/bin/../../lib/gcc/pic32c/6.2.1/v7e-m/fpv5/hard/crtend.o
 .text          0x00000000        0x0 c:/program files (x86)/microchip/xc32/v2.10/bin/bin/../../lib/gcc/pic32c/6.2.1/v7e-m/fpv5/hard/crtn.o
 .data          0x00000000        0x0 c:/program files (x86)/microchip/xc32/v2.10/bin/bin/../../lib/gcc/pic32c/6.2.1/v7e-m/fpv5/hard/crtn.o
 .bss           0x00000000        0x0 c:/program files (x86)/microchip/xc32/v2.10/bin/bin/../../lib/gcc/pic32c/6.2.1/v7e-m/fpv5/hard/crtn.o

Memory Configuration

Name             Origin             Length             Attributes
rom              0x00400000         0x00200000         xr
ram              0x20400000         0x00060000         xrw
itcm             0x00000000         0x00000000         xrw
dtcm             0x20000000         0x00000000         xrw
*default*        0x00000000         0xffffffff
tcm              0x00000000         0xffffffff

Linker script and memory map

LOAD c:/program files (x86)/microchip/xc32/v2.10/bin/bin/../../lib/gcc/pic32c/6.2.1/v7e-m/fpv5/hard/crti.o
LOAD c:/program files (x86)/microchip/xc32/v2.10/bin/bin/../../lib/gcc/pic32c/6.2.1/v7e-m/fpv5/hard/crtbegin.o
LOAD c:/program files (x86)/microchip/xc32/v2.10/bin/bin/../../lib/gcc/pic32c/6.2.1/../../../../pic32c/lib/v7e-m/fpv5/hard/crt0.o
LOAD build/RobotNetwork/production/_ext/1360937237/main.o
LOAD build/RobotNetwork/production/_ext/2059666889/initialization.o
LOAD build/RobotNetwork/production/_ext/2059666889/interrupts.o
LOAD build/RobotNetwork/production/_ext/2059666889/exceptions.o
LOAD build/RobotNetwork/production/_ext/150091599/xc32_monitor.o
LOAD build/RobotNetwork/production/_ext/556611815/plib_clk.o
LOAD build/RobotNetwork/production/_ext/556624219/plib_pio.o
LOAD build/RobotNetwork/production/_ext/75434429/plib_nvic.o
LOAD build/RobotNetwork/production/_ext/2059666889/startup_xc32.o
LOAD build/RobotNetwork/production/_ext/2059666889/libc_syscalls.o
LOAD build/RobotNetwork/production/_ext/556613543/plib_efc.o
                0x00000001                __MPLAB_BUILD = 0x1
                0x00000200                _min_heap_size = 0x200
START GROUP
LOAD c:/program files (x86)/microchip/xc32/v2.10/bin/bin/../../lib/gcc/pic32c/6.2.1/../../../../pic32c/lib/v7e-m/fpv5/hard\libpic32c.a
LOAD c:/program files (x86)/microchip/xc32/v2.10/bin/bin/../../lib/gcc/pic32c/6.2.1/v7e-m/fpv5/hard\libgcc.a
LOAD c:/program files (x86)/microchip/xc32/v2.10/bin/bin/../../lib/gcc/pic32c/6.2.1/../../../../pic32c/lib/v7e-m/fpv5/hard\libc.a
LOAD c:/program files (x86)/microchip/xc32/v2.10/bin/bin/../../lib/gcc/pic32c/6.2.1/../../../../pic32c/lib/v7e-m/fpv5/hard\libm.a
END GROUP
LOAD c:/program files (x86)/microchip/xc32/v2.10/bin/bin/../../lib/gcc/pic32c/6.2.1/v7e-m/fpv5/hard/crtend.o
LOAD c:/program files (x86)/microchip/xc32/v2.10/bin/bin/../../lib/gcc/pic32c/6.2.1/v7e-m/fpv5/hard/crtn.o

.vectors        0x00400000      0x168
                0x00400000                . = ALIGN (0x4)
                0x00400000                _sfixed = .
 *(.vectors .vectors.*)
 .vectors       0x00400000      0x168 build/RobotNetwork/production/_ext/2059666889/interrupts.o
                0x00400000                exception_table

.text           0x00400168       0x24
                0x00400168                . = ALIGN (0x4)
 *(.glue_7t)
 .glue_7t       0x00400168        0x0 linker stubs
 *(.glue_7)
 .glue_7        0x00400168        0x0 linker stubs
 *(.gnu.linkonce.r.*)
 *(.ARM.extab* .gnu.linkonce.armextab.*)
                0x00400168                . = ALIGN (0x4)
 *(.init)
 .init          0x00400168        0x4 c:/program files (x86)/microchip/xc32/v2.10/bin/bin/../../lib/gcc/pic32c/6.2.1/v7e-m/fpv5/hard/crti.o
                0x00400168                _init
 .init          0x0040016c        0x8 c:/program files (x86)/microchip/xc32/v2.10/bin/bin/../../lib/gcc/pic32c/6.2.1/v7e-m/fpv5/hard/crtn.o
                0x00400174                . = ALIGN (0x4)
                0x00400174                __preinit_array_start = .
 *(.preinit_array)
                0x00400174                __preinit_array_end = .
                0x00400174                . = ALIGN (0x4)
                0x00400174                __init_array_start = .
 *(SORT(.init_array.*))
 .init_array.00000
                0x00400174        0x4 c:/program files (x86)/microchip/xc32/v2.10/bin/bin/../../lib/gcc/pic32c/6.2.1/../../../../pic32c/lib/v7e-m/fpv5/hard\libc.a(lib_a-__call_atexit.o)
 *(.init_array)
 .init_array    0x00400178        0x4 c:/program files (x86)/microchip/xc32/v2.10/bin/bin/../../lib/gcc/pic32c/6.2.1/v7e-m/fpv5/hard/crtbegin.o
                0x0040017c                __init_array_end = .
                0x0040017c                . = ALIGN (0x4)
 *crtbegin.o(.ctors)
 *(EXCLUDE_FILE(*crtend.o) .ctors)
 *(SORT(.ctors.*))
 *crtend.o(.ctors)
                0x0040017c                . = ALIGN (0x4)
 *(.fini)
 .fini          0x0040017c        0x4 c:/program files (x86)/microchip/xc32/v2.10/bin/bin/../../lib/gcc/pic32c/6.2.1/v7e-m/fpv5/hard/crti.o
                0x0040017c                _fini
 .fini          0x00400180        0x8 c:/program files (x86)/microchip/xc32/v2.10/bin/bin/../../lib/gcc/pic32c/6.2.1/v7e-m/fpv5/hard/crtn.o
                0x00400188                . = ALIGN (0x4)
                0x00400188                __fini_array_start = .
 *(.fini_array)
 .fini_array    0x00400188        0x4 c:/program files (x86)/microchip/xc32/v2.10/bin/bin/../../lib/gcc/pic32c/6.2.1/v7e-m/fpv5/hard/crtbegin.o
 *(SORT(.fini_array.*))
                0x0040018c                __fini_array_end = .
 *crtbegin.o(.dtors)
 *(EXCLUDE_FILE(*crtend.o) .dtors)
 *(SORT(.dtors.*))
 *crtend.o(.dtors)
                0x0040018c                . = ALIGN (0x4)
                0x0040018c                _efixed = .
                [!provide]                PROVIDE (__exidx_start, .)

.ARM.exidx
 *(.ARM.exidx* .gnu.linkonce.armexidx.*)
                [!provide]                PROVIDE (__exidx_end, .)
                0x0040018c                . = ALIGN (0x4)
                0x0040018c                _etext = .

.bss            0x20400000        0x0
                0x20400000                . = ALIGN (0x4)
                0x20400000                __bss_start__ = .
                0x20400000                _sbss = .
                0x20400000                _szero = .
 *(COMMON)
                0x20400000                . = ALIGN (0x4)
                0x20400000                __bss_end__ = .
                0x20400000                _ebss = .
                0x20400000                _ezero = .
                0x20400000                . = ALIGN (0x4)
                0x20400000                _end = .
                0x2045ffff                _ram_end_ = ((ORIGIN (ram) + LENGTH (ram)) - 0x1)
OUTPUT(dist/RobotNetwork/production/Autonomous_Robot_Network.X.production.elf elf32-littlearm)
LOAD stack
LOAD data_init

.ARM.attributes
                0x00000000       0x2e
 .ARM.attributes
                0x00000000       0x20 c:/program files (x86)/microchip/xc32/v2.10/bin/bin/../../lib/gcc/pic32c/6.2.1/v7e-m/fpv5/hard/crti.o
 .ARM.attributes
                0x00000020       0x32 c:/program files (x86)/microchip/xc32/v2.10/bin/bin/../../lib/gcc/pic32c/6.2.1/v7e-m/fpv5/hard/crtbegin.o
 .ARM.attributes
                0x00000052       0x37 build/RobotNetwork/production/_ext/1360937237/main.o
 .ARM.attributes
                0x00000089       0x37 build/RobotNetwork/production/_ext/2059666889/initialization.o
 .ARM.attributes
                0x000000c0       0x37 build/RobotNetwork/production/_ext/2059666889/interrupts.o
 .ARM.attributes
                0x000000f7       0x37 build/RobotNetwork/production/_ext/2059666889/exceptions.o
 .ARM.attributes
                0x0000012e       0x37 build/RobotNetwork/production/_ext/556611815/plib_clk.o
 .ARM.attributes
                0x00000165       0x37 build/RobotNetwork/production/_ext/556624219/plib_pio.o
 .ARM.attributes
                0x0000019c       0x37 build/RobotNetwork/production/_ext/75434429/plib_nvic.o
 .ARM.attributes
                0x000001d3       0x37 build/RobotNetwork/production/_ext/2059666889/startup_xc32.o
 .ARM.attributes
                0x0000020a       0x37 build/RobotNetwork/production/_ext/556613543/plib_efc.o
 .ARM.attributes
                0x00000241       0x32 c:/program files (x86)/microchip/xc32/v2.10/bin/bin/../../lib/gcc/pic32c/6.2.1/../../../../pic32c/lib/v7e-m/fpv5/hard\libpic32c.a(data_init.o)
 .ARM.attributes
                0x00000273       0x32 c:/program files (x86)/microchip/xc32/v2.10/bin/bin/../../lib/gcc/pic32c/6.2.1/../../../../pic32c/lib/v7e-m/fpv5/hard\libc.a(lib_a-impure.o)
 .ARM.attributes
                0x000002a5       0x32 c:/program files (x86)/microchip/xc32/v2.10/bin/bin/../../lib/gcc/pic32c/6.2.1/../../../../pic32c/lib/v7e-m/fpv5/hard\libc.a(lib_a-init.o)
 .ARM.attributes
                0x000002d7       0x32 c:/program files (x86)/microchip/xc32/v2.10/bin/bin/../../lib/gcc/pic32c/6.2.1/../../../../pic32c/lib/v7e-m/fpv5/hard\libc.a(lib_a-__call_atexit.o)
 .ARM.attributes
                0x00000309       0x32 c:/program files (x86)/microchip/xc32/v2.10/bin/bin/../../lib/gcc/pic32c/6.2.1/../../../../pic32c/lib/v7e-m/fpv5/hard\libc.a(lib_a-atexit.o)
 .ARM.attributes
                0x0000033b       0x32 c:/program files (x86)/microchip/xc32/v2.10/bin/bin/../../lib/gcc/pic32c/6.2.1/../../../../pic32c/lib/v7e-m/fpv5/hard\libc.a(lib_a-fini.o)
 .ARM.attributes
                0x0000036d       0x32 c:/program files (x86)/microchip/xc32/v2.10/bin/bin/../../lib/gcc/pic32c/6.2.1/../../../../pic32c/lib/v7e-m/fpv5/hard\libc.a(lib_a-__atexit.o)
 .ARM.attributes
                0x0000039f       0x20 c:/program files (x86)/microchip/xc32/v2.10/bin/bin/../../lib/gcc/pic32c/6.2.1/v7e-m/fpv5/hard/crtn.o

.comment        0x00000000       0x3c
 .comment       0x00000000       0x3c c:/program files (x86)/microchip/xc32/v2.10/bin/bin/../../lib/gcc/pic32c/6.2.1/v7e-m/fpv5/hard/crtbegin.o
                                 0x3d (size before relaxing)
 .comment       0x0000003c       0x3d build/RobotNetwork/production/_ext/1360937237/main.o
 .comment       0x0000003c       0x3d build/RobotNetwork/production/_ext/2059666889/initialization.o
 .comment       0x0000003c       0x3d build/RobotNetwork/production/_ext/2059666889/interrupts.o
 .comment       0x0000003c       0x3d build/RobotNetwork/production/_ext/2059666889/exceptions.o
 .comment       0x0000003c       0x3d build/RobotNetwork/production/_ext/556611815/plib_clk.o
 .comment       0x0000003c       0x3d build/RobotNetwork/production/_ext/556624219/plib_pio.o
 .comment       0x0000003c       0x3d build/RobotNetwork/production/_ext/75434429/plib_nvic.o
 .comment       0x0000003c       0x3d build/RobotNetwork/production/_ext/2059666889/startup_xc32.o
 .comment       0x0000003c       0x3d build/RobotNetwork/production/_ext/556613543/plib_efc.o
 .comment       0x0000003c       0x3d c:/program files (x86)/microchip/xc32/v2.10/bin/bin/../../lib/gcc/pic32c/6.2.1/../../../../pic32c/lib/v7e-m/fpv5/hard\libpic32c.a(data_init.o)
 .comment       0x0000003c       0x3d c:/program files (x86)/microchip/xc32/v2.10/bin/bin/../../lib/gcc/pic32c/6.2.1/../../../../pic32c/lib/v7e-m/fpv5/hard\libc.a(lib_a-impure.o)
 .comment       0x0000003c       0x3d c:/program files (x86)/microchip/xc32/v2.10/bin/bin/../../lib/gcc/pic32c/6.2.1/../../../../pic32c/lib/v7e-m/fpv5/hard\libc.a(lib_a-init.o)
 .comment       0x0000003c       0x3d c:/program files (x86)/microchip/xc32/v2.10/bin/bin/../../lib/gcc/pic32c/6.2.1/../../../../pic32c/lib/v7e-m/fpv5/hard\libc.a(lib_a-__call_atexit.o)
 .comment       0x0000003c       0x3d c:/program files (x86)/microchip/xc32/v2.10/bin/bin/../../lib/gcc/pic32c/6.2.1/../../../../pic32c/lib/v7e-m/fpv5/hard\libc.a(lib_a-atexit.o)
 .comment       0x0000003c       0x3d c:/program files (x86)/microchip/xc32/v2.10/bin/bin/../../lib/gcc/pic32c/6.2.1/../../../../pic32c/lib/v7e-m/fpv5/hard\libc.a(lib_a-fini.o)
 .comment       0x0000003c       0x3d c:/program files (x86)/microchip/xc32/v2.10/bin/bin/../../lib/gcc/pic32c/6.2.1/../../../../pic32c/lib/v7e-m/fpv5/hard\libc.a(lib_a-__atexit.o)

.debug_info     0x00000000     0xa4bc
 .debug_info    0x00000000      0xe25 build/RobotNetwork/production/_ext/1360937237/main.o
 .debug_info    0x00000e25      0x443 build/RobotNetwork/production/_ext/2059666889/initialization.o
 .debug_info    0x00001268      0xd49 build/RobotNetwork/production/_ext/2059666889/interrupts.o
 .debug_info    0x00001fb1      0x3b6 build/RobotNetwork/production/_ext/2059666889/exceptions.o
 .debug_info    0x00002367      0x81e build/RobotNetwork/production/_ext/556611815/plib_clk.o
 .debug_info    0x00002b85      0xc3e build/RobotNetwork/production/_ext/556624219/plib_pio.o
 .debug_info    0x000037c3      0x887 build/RobotNetwork/production/_ext/75434429/plib_nvic.o
 .debug_info    0x0000404a      0xcf1 build/RobotNetwork/production/_ext/2059666889/startup_xc32.o
 .debug_info    0x00004d3b     0x1287 build/RobotNetwork/production/_ext/556613543/plib_efc.o
 .debug_info    0x00005fc2      0x29f c:/program files (x86)/microchip/xc32/v2.10/bin/bin/../../lib/gcc/pic32c/6.2.1/../../../../pic32c/lib/v7e-m/fpv5/hard\libpic32c.a(data_init.o)
 .debug_info    0x00006261      0xdde c:/program files (x86)/microchip/xc32/v2.10/bin/bin/../../lib/gcc/pic32c/6.2.1/../../../../pic32c/lib/v7e-m/fpv5/hard\libc.a(lib_a-impure.o)
 .debug_info    0x0000703f      0x40a c:/program files (x86)/microchip/xc32/v2.10/bin/bin/../../lib/gcc/pic32c/6.2.1/../../../../pic32c/lib/v7e-m/fpv5/hard\libc.a(lib_a-init.o)
 .debug_info    0x00007449      0xf5a c:/program files (x86)/microchip/xc32/v2.10/bin/bin/../../lib/gcc/pic32c/6.2.1/../../../../pic32c/lib/v7e-m/fpv5/hard\libc.a(lib_a-__call_atexit.o)
 .debug_info    0x000083a3      0xe6f c:/program files (x86)/microchip/xc32/v2.10/bin/bin/../../lib/gcc/pic32c/6.2.1/../../../../pic32c/lib/v7e-m/fpv5/hard\libc.a(lib_a-atexit.o)
 .debug_info    0x00009212      0x3cf c:/program files (x86)/microchip/xc32/v2.10/bin/bin/../../lib/gcc/pic32c/6.2.1/../../../../pic32c/lib/v7e-m/fpv5/hard\libc.a(lib_a-fini.o)
 .debug_info    0x000095e1      0xedb c:/program files (x86)/microchip/xc32/v2.10/bin/bin/../../lib/gcc/pic32c/6.2.1/../../../../pic32c/lib/v7e-m/fpv5/hard\libc.a(lib_a-__atexit.o)

.debug_abbrev   0x00000000     0x1482
 .debug_abbrev  0x00000000      0x1c3 build/RobotNetwork/production/_ext/1360937237/main.o
 .debug_abbrev  0x000001c3       0xb6 build/RobotNetwork/production/_ext/2059666889/initialization.o
 .debug_abbrev  0x00000279       0xc8 build/RobotNetwork/production/_ext/2059666889/interrupts.o
 .debug_abbrev  0x00000341       0x5e build/RobotNetwork/production/_ext/2059666889/exceptions.o
 .debug_abbrev  0x0000039f       0xc0 build/RobotNetwork/production/_ext/556611815/plib_clk.o
 .debug_abbrev  0x0000045f      0x144 build/RobotNetwork/production/_ext/556624219/plib_pio.o
 .debug_abbrev  0x000005a3      0x12f build/RobotNetwork/production/_ext/75434429/plib_nvic.o
 .debug_abbrev  0x000006d2      0x1f9 build/RobotNetwork/production/_ext/2059666889/startup_xc32.o
 .debug_abbrev  0x000008cb      0x2b4 build/RobotNetwork/production/_ext/556613543/plib_efc.o
 .debug_abbrev  0x00000b7f       0x2a c:/program files (x86)/microchip/xc32/v2.10/bin/bin/../../lib/gcc/pic32c/6.2.1/../../../../pic32c/lib/v7e-m/fpv5/hard\libpic32c.a(data_init.o)
 .debug_abbrev  0x00000ba9      0x176 c:/program files (x86)/microchip/xc32/v2.10/bin/bin/../../lib/gcc/pic32c/6.2.1/../../../../pic32c/lib/v7e-m/fpv5/hard\libc.a(lib_a-impure.o)
 .debug_abbrev  0x00000d1f       0xa3 c:/program files (x86)/microchip/xc32/v2.10/bin/bin/../../lib/gcc/pic32c/6.2.1/../../../../pic32c/lib/v7e-m/fpv5/hard\libc.a(lib_a-init.o)
 .debug_abbrev  0x00000dc2      0x242 c:/program files (x86)/microchip/xc32/v2.10/bin/bin/../../lib/gcc/pic32c/6.2.1/../../../../pic32c/lib/v7e-m/fpv5/hard\libc.a(lib_a-__call_atexit.o)
 .debug_abbrev  0x00001004      0x1e6 c:/program files (x86)/microchip/xc32/v2.10/bin/bin/../../lib/gcc/pic32c/6.2.1/../../../../pic32c/lib/v7e-m/fpv5/hard\libc.a(lib_a-atexit.o)
 .debug_abbrev  0x000011ea       0xa6 c:/program files (x86)/microchip/xc32/v2.10/bin/bin/../../lib/gcc/pic32c/6.2.1/../../../../pic32c/lib/v7e-m/fpv5/hard\libc.a(lib_a-fini.o)
 .debug_abbrev  0x00001290      0x1f2 c:/program files (x86)/microchip/xc32/v2.10/bin/bin/../../lib/gcc/pic32c/6.2.1/../../../../pic32c/lib/v7e-m/fpv5/hard\libc.a(lib_a-__atexit.o)

.debug_loc      0x00000000      0x9f7
 .debug_loc     0x00000000       0x20 build/RobotNetwork/production/_ext/1360937237/main.o
 .debug_loc     0x00000020       0x41 build/RobotNetwork/production/_ext/2059666889/initialization.o
 .debug_loc     0x00000061       0x84 build/RobotNetwork/production/_ext/556624219/plib_pio.o
 .debug_loc     0x000000e5       0x3d build/RobotNetwork/production/_ext/75434429/plib_nvic.o
 .debug_loc     0x00000122       0x6d build/RobotNetwork/production/_ext/2059666889/startup_xc32.o
 .debug_loc     0x0000018f      0x33e build/RobotNetwork/production/_ext/556613543/plib_efc.o
 .debug_loc     0x000004cd       0x14 c:/program files (x86)/microchip/xc32/v2.10/bin/bin/../../lib/gcc/pic32c/6.2.1/../../../../pic32c/lib/v7e-m/fpv5/hard\libpic32c.a(data_init.o)
 .debug_loc     0x000004e1       0xce c:/program files (x86)/microchip/xc32/v2.10/bin/bin/../../lib/gcc/pic32c/6.2.1/../../../../pic32c/lib/v7e-m/fpv5/hard\libc.a(lib_a-init.o)
 .debug_loc     0x000005af      0x1dd c:/program files (x86)/microchip/xc32/v2.10/bin/bin/../../lib/gcc/pic32c/6.2.1/../../../../pic32c/lib/v7e-m/fpv5/hard\libc.a(lib_a-__call_atexit.o)
 .debug_loc     0x0000078c       0x2c c:/program files (x86)/microchip/xc32/v2.10/bin/bin/../../lib/gcc/pic32c/6.2.1/../../../../pic32c/lib/v7e-m/fpv5/hard\libc.a(lib_a-atexit.o)
 .debug_loc     0x000007b8       0x88 c:/program files (x86)/microchip/xc32/v2.10/bin/bin/../../lib/gcc/pic32c/6.2.1/../../../../pic32c/lib/v7e-m/fpv5/hard\libc.a(lib_a-fini.o)
 .debug_loc     0x00000840      0x1b7 c:/program files (x86)/microchip/xc32/v2.10/bin/bin/../../lib/gcc/pic32c/6.2.1/../../../../pic32c/lib/v7e-m/fpv5/hard\libc.a(lib_a-__atexit.o)

.debug_aranges  0x00000000      0x2a8
 .debug_aranges
                0x00000000       0x20 build/RobotNetwork/production/_ext/1360937237/main.o
 .debug_aranges
                0x00000020       0x20 build/RobotNetwork/production/_ext/2059666889/initialization.o
 .debug_aranges
                0x00000040       0x20 build/RobotNetwork/production/_ext/2059666889/interrupts.o
 .debug_aranges
                0x00000060       0x48 build/RobotNetwork/production/_ext/2059666889/exceptions.o
 .debug_aranges
                0x000000a8       0x20 build/RobotNetwork/production/_ext/556611815/plib_clk.o
 .debug_aranges
                0x000000c8       0x60 build/RobotNetwork/production/_ext/556624219/plib_pio.o
 .debug_aranges
                0x00000128       0x20 build/RobotNetwork/production/_ext/75434429/plib_nvic.o
 .debug_aranges
                0x00000148       0x20 build/RobotNetwork/production/_ext/2059666889/startup_xc32.o
 .debug_aranges
                0x00000168       0x60 build/RobotNetwork/production/_ext/556613543/plib_efc.o
 .debug_aranges
                0x000001c8       0x20 c:/program files (x86)/microchip/xc32/v2.10/bin/bin/../../lib/gcc/pic32c/6.2.1/../../../../pic32c/lib/v7e-m/fpv5/hard\libpic32c.a(data_init.o)
 .debug_aranges
                0x000001e8       0x18 c:/program files (x86)/microchip/xc32/v2.10/bin/bin/../../lib/gcc/pic32c/6.2.1/../../../../pic32c/lib/v7e-m/fpv5/hard\libc.a(lib_a-impure.o)
 .debug_aranges
                0x00000200       0x20 c:/program files (x86)/microchip/xc32/v2.10/bin/bin/../../lib/gcc/pic32c/6.2.1/../../../../pic32c/lib/v7e-m/fpv5/hard\libc.a(lib_a-init.o)
 .debug_aranges
                0x00000220       0x28 c:/program files (x86)/microchip/xc32/v2.10/bin/bin/../../lib/gcc/pic32c/6.2.1/../../../../pic32c/lib/v7e-m/fpv5/hard\libc.a(lib_a-__call_atexit.o)
 .debug_aranges
                0x00000248       0x20 c:/program files (x86)/microchip/xc32/v2.10/bin/bin/../../lib/gcc/pic32c/6.2.1/../../../../pic32c/lib/v7e-m/fpv5/hard\libc.a(lib_a-atexit.o)
 .debug_aranges
                0x00000268       0x20 c:/program files (x86)/microchip/xc32/v2.10/bin/bin/../../lib/gcc/pic32c/6.2.1/../../../../pic32c/lib/v7e-m/fpv5/hard\libc.a(lib_a-fini.o)
 .debug_aranges
                0x00000288       0x20 c:/program files (x86)/microchip/xc32/v2.10/bin/bin/../../lib/gcc/pic32c/6.2.1/../../../../pic32c/lib/v7e-m/fpv5/hard\libc.a(lib_a-__atexit.o)

.debug_ranges   0x00000000      0x1c0
 .debug_ranges  0x00000000       0x10 build/RobotNetwork/production/_ext/1360937237/main.o
 .debug_ranges  0x00000010       0x10 build/RobotNetwork/production/_ext/2059666889/initialization.o
 .debug_ranges  0x00000020       0x10 build/RobotNetwork/production/_ext/2059666889/interrupts.o
 .debug_ranges  0x00000030       0x38 build/RobotNetwork/production/_ext/2059666889/exceptions.o
 .debug_ranges  0x00000068       0x10 build/RobotNetwork/production/_ext/556611815/plib_clk.o
 .debug_ranges  0x00000078       0x50 build/RobotNetwork/production/_ext/556624219/plib_pio.o
 .debug_ranges  0x000000c8       0x10 build/RobotNetwork/production/_ext/75434429/plib_nvic.o
 .debug_ranges  0x000000d8       0x10 build/RobotNetwork/production/_ext/2059666889/startup_xc32.o
 .debug_ranges  0x000000e8       0x50 build/RobotNetwork/production/_ext/556613543/plib_efc.o
 .debug_ranges  0x00000138       0x10 c:/program files (x86)/microchip/xc32/v2.10/bin/bin/../../lib/gcc/pic32c/6.2.1/../../../../pic32c/lib/v7e-m/fpv5/hard\libpic32c.a(data_init.o)
 .debug_ranges  0x00000148       0x10 c:/program files (x86)/microchip/xc32/v2.10/bin/bin/../../lib/gcc/pic32c/6.2.1/../../../../pic32c/lib/v7e-m/fpv5/hard\libc.a(lib_a-init.o)
 .debug_ranges  0x00000158       0x38 c:/program files (x86)/microchip/xc32/v2.10/bin/bin/../../lib/gcc/pic32c/6.2.1/../../../../pic32c/lib/v7e-m/fpv5/hard\libc.a(lib_a-__call_atexit.o)
 .debug_ranges  0x00000190       0x10 c:/program files (x86)/microchip/xc32/v2.10/bin/bin/../../lib/gcc/pic32c/6.2.1/../../../../pic32c/lib/v7e-m/fpv5/hard\libc.a(lib_a-atexit.o)
 .debug_ranges  0x000001a0       0x10 c:/program files (x86)/microchip/xc32/v2.10/bin/bin/../../lib/gcc/pic32c/6.2.1/../../../../pic32c/lib/v7e-m/fpv5/hard\libc.a(lib_a-fini.o)
 .debug_ranges  0x000001b0       0x10 c:/program files (x86)/microchip/xc32/v2.10/bin/bin/../../lib/gcc/pic32c/6.2.1/../../../../pic32c/lib/v7e-m/fpv5/hard\libc.a(lib_a-__atexit.o)

.debug_line     0x00000000     0x1d27
 .debug_line    0x00000000      0x1fe build/RobotNetwork/production/_ext/1360937237/main.o
 .debug_line    0x000001fe      0x257 build/RobotNetwork/production/_ext/2059666889/initialization.o
 .debug_line    0x00000455      0x15e build/RobotNetwork/production/_ext/2059666889/interrupts.o
 .debug_line    0x000005b3      0x17e build/RobotNetwork/production/_ext/2059666889/exceptions.o
 .debug_line    0x00000731      0x17c build/RobotNetwork/production/_ext/556611815/plib_clk.o
 .debug_line    0x000008ad      0x231 build/RobotNetwork/production/_ext/556624219/plib_pio.o
 .debug_line    0x00000ade      0x15f build/RobotNetwork/production/_ext/75434429/plib_nvic.o
 .debug_line    0x00000c3d      0x283 build/RobotNetwork/production/_ext/2059666889/startup_xc32.o
 .debug_line    0x00000ec0      0x2ac build/RobotNetwork/production/_ext/556613543/plib_efc.o
 .debug_line    0x0000116c       0xe5 c:/program files (x86)/microchip/xc32/v2.10/bin/bin/../../lib/gcc/pic32c/6.2.1/../../../../pic32c/lib/v7e-m/fpv5/hard\libpic32c.a(data_init.o)
 .debug_line    0x00001251      0x196 c:/program files (x86)/microchip/xc32/v2.10/bin/bin/../../lib/gcc/pic32c/6.2.1/../../../../pic32c/lib/v7e-m/fpv5/hard\libc.a(lib_a-impure.o)
 .debug_line    0x000013e7      0x120 c:/program files (x86)/microchip/xc32/v2.10/bin/bin/../../lib/gcc/pic32c/6.2.1/../../../../pic32c/lib/v7e-m/fpv5/hard\libc.a(lib_a-init.o)
 .debug_line    0x00001507      0x280 c:/program files (x86)/microchip/xc32/v2.10/bin/bin/../../lib/gcc/pic32c/6.2.1/../../../../pic32c/lib/v7e-m/fpv5/hard\libc.a(lib_a-__call_atexit.o)
 .debug_line    0x00001787      0x22b c:/program files (x86)/microchip/xc32/v2.10/bin/bin/../../lib/gcc/pic32c/6.2.1/../../../../pic32c/lib/v7e-m/fpv5/hard\libc.a(lib_a-atexit.o)
 .debug_line    0x000019b2      0x117 c:/program files (x86)/microchip/xc32/v2.10/bin/bin/../../lib/gcc/pic32c/6.2.1/../../../../pic32c/lib/v7e-m/fpv5/hard\libc.a(lib_a-fini.o)
 .debug_line    0x00001ac9      0x25e c:/program files (x86)/microchip/xc32/v2.10/bin/bin/../../lib/gcc/pic32c/6.2.1/../../../../pic32c/lib/v7e-m/fpv5/hard\libc.a(lib_a-__atexit.o)

.debug_str      0x00000000      0x13f
 .debug_str     0x00000000       0x1d build/RobotNetwork/production/_ext/1360937237/main.o
 .debug_str     0x0000001d       0x3f build/RobotNetwork/production/_ext/2059666889/initialization.o
 .debug_str     0x0000005c        0x0 build/RobotNetwork/production/_ext/2059666889/interrupts.o
 .debug_str     0x0000005c        0x0 build/RobotNetwork/production/_ext/2059666889/exceptions.o
 .debug_str     0x0000005c        0x0 build/RobotNetwork/production/_ext/556611815/plib_clk.o
 .debug_str     0x0000005c        0xa build/RobotNetwork/production/_ext/556624219/plib_pio.o
 .debug_str     0x00000066        0x0 build/RobotNetwork/production/_ext/75434429/plib_nvic.o
 .debug_str     0x00000066       0x6b build/RobotNetwork/production/_ext/2059666889/startup_xc32.o
 .debug_str     0x000000d1       0x22 build/RobotNetwork/production/_ext/556613543/plib_efc.o
 .debug_str     0x000000f3        0x0 c:/program files (x86)/microchip/xc32/v2.10/bin/bin/../../lib/gcc/pic32c/6.2.1/../../../../pic32c/lib/v7e-m/fpv5/hard\libpic32c.a(data_init.o)
 .debug_str     0x000000f3        0xe c:/program files (x86)/microchip/xc32/v2.10/bin/bin/../../lib/gcc/pic32c/6.2.1/../../../../pic32c/lib/v7e-m/fpv5/hard\libc.a(lib_a-impure.o)
 .debug_str     0x00000101        0x0 c:/program files (x86)/microchip/xc32/v2.10/bin/bin/../../lib/gcc/pic32c/6.2.1/../../../../pic32c/lib/v7e-m/fpv5/hard\libc.a(lib_a-init.o)
 .debug_str     0x00000101        0xe c:/program files (x86)/microchip/xc32/v2.10/bin/bin/../../lib/gcc/pic32c/6.2.1/../../../../pic32c/lib/v7e-m/fpv5/hard\libc.a(lib_a-__call_atexit.o)
 .debug_str     0x0000010f       0x22 c:/program files (x86)/microchip/xc32/v2.10/bin/bin/../../lib/gcc/pic32c/6.2.1/../../../../pic32c/lib/v7e-m/fpv5/hard\libc.a(lib_a-atexit.o)
 .debug_str     0x00000131        0x0 c:/program files (x86)/microchip/xc32/v2.10/bin/bin/../../lib/gcc/pic32c/6.2.1/../../../../pic32c/lib/v7e-m/fpv5/hard\libc.a(lib_a-fini.o)
 .debug_str     0x00000131        0xe c:/program files (x86)/microchip/xc32/v2.10/bin/bin/../../lib/gcc/pic32c/6.2.1/../../../../pic32c/lib/v7e-m/fpv5/hard\libc.a(lib_a-__atexit.o)

.debug_frame    0x00000000      0x3e4
 .debug_frame   0x00000000       0x28 build/RobotNetwork/production/_ext/1360937237/main.o
 .debug_frame   0x00000028       0x28 build/RobotNetwork/production/_ext/2059666889/initialization.o
 .debug_frame   0x00000050       0x20 build/RobotNetwork/production/_ext/2059666889/interrupts.o
 .debug_frame   0x00000070       0x70 build/RobotNetwork/production/_ext/2059666889/exceptions.o
 .debug_frame   0x000000e0       0x20 build/RobotNetwork/production/_ext/556611815/plib_clk.o
 .debug_frame   0x00000100       0xa0 build/RobotNetwork/production/_ext/556624219/plib_pio.o
 .debug_frame   0x000001a0       0x20 build/RobotNetwork/production/_ext/75434429/plib_nvic.o
 .debug_frame   0x000001c0       0x30 build/RobotNetwork/production/_ext/2059666889/startup_xc32.o
 .debug_frame   0x000001f0       0xc0 build/RobotNetwork/production/_ext/556613543/plib_efc.o
 .debug_frame   0x000002b0       0x30 c:/program files (x86)/microchip/xc32/v2.10/bin/bin/../../lib/gcc/pic32c/6.2.1/../../../../pic32c/lib/v7e-m/fpv5/hard\libpic32c.a(data_init.o)
 .debug_frame   0x000002e0       0x2c c:/program files (x86)/microchip/xc32/v2.10/bin/bin/../../lib/gcc/pic32c/6.2.1/../../../../pic32c/lib/v7e-m/fpv5/hard\libc.a(lib_a-init.o)
 .debug_frame   0x0000030c       0x50 c:/program files (x86)/microchip/xc32/v2.10/bin/bin/../../lib/gcc/pic32c/6.2.1/../../../../pic32c/lib/v7e-m/fpv5/hard\libc.a(lib_a-__call_atexit.o)
 .debug_frame   0x0000035c       0x20 c:/program files (x86)/microchip/xc32/v2.10/bin/bin/../../lib/gcc/pic32c/6.2.1/../../../../pic32c/lib/v7e-m/fpv5/hard\libc.a(lib_a-atexit.o)
 .debug_frame   0x0000037c       0x34 c:/program files (x86)/microchip/xc32/v2.10/bin/bin/../../lib/gcc/pic32c/6.2.1/../../../../pic32c/lib/v7e-m/fpv5/hard\libc.a(lib_a-fini.o)
 .debug_frame   0x000003b0       0x34 c:/program files (x86)/microchip/xc32/v2.10/bin/bin/../../lib/gcc/pic32c/6.2.1/../../../../pic32c/lib/v7e-m/fpv5/hard\libc.a(lib_a-__atexit.o)

.stack          0x20400668      0x100
 .stack         0x20400668      0x100 stack

.data.impure_data%1
                0x20400000      0x428
 .data.impure_data
                0x20400000      0x428 c:/program files (x86)/microchip/xc32/v2.10/bin/bin/../../lib/gcc/pic32c/6.2.1/../../../../pic32c/lib/v7e-m/fpv5/hard\libc.a(lib_a-impure.o)

.bss%2          0x20400428       0x1c
 .bss           0x20400428       0x1c c:/program files (x86)/microchip/xc32/v2.10/bin/bin/../../lib/gcc/pic32c/6.2.1/v7e-m/fpv5/hard/crtbegin.o

.bss.cmd.7952%3
                0x20400444        0x4
 .bss.cmd.7952  0x20400444        0x4 build/RobotNetwork/production/_ext/2059666889/startup_xc32.o

.jcr%z1         0x00000000        0x0
 .jcr           0x00000000        0x0 c:/program files (x86)/microchip/xc32/v2.10/bin/bin/../../lib/gcc/pic32c/6.2.1/v7e-m/fpv5/hard/crtbegin.o

.eh_frame%z2    0x00000000        0x0
 .eh_frame      0x00000000        0x0 c:/program files (x86)/microchip/xc32/v2.10/bin/bin/../../lib/gcc/pic32c/6.2.1/v7e-m/fpv5/hard/crtbegin.o

.config_D0000000%4
                0xd0000000        0x4
 .config_D0000000
                0xd0000000        0x4 build/RobotNetwork/production/_ext/2059666889/initialization.o

.dinit%5        0x0040018c      0x460
 .dinit         0x0040018c      0x460 data_init

.text.Reset_Handler%6
                0x004005ec      0x18c
 .text.Reset_Handler
                0x004005ec      0x18c build/RobotNetwork/production/_ext/2059666889/startup_xc32.o
                0x004005ec                Reset_Handler

.text.__register_exitproc%7
                0x00400778       0xa4
 .text.__register_exitproc
                0x00400778       0xa4 c:/program files (x86)/microchip/xc32/v2.10/bin/bin/../../lib/gcc/pic32c/6.2.1/../../../../pic32c/lib/v7e-m/fpv5/hard\libc.a(lib_a-__atexit.o)
                0x00400778                __register_exitproc

.text.PIO_Initialize%8
                0x0040081c       0x98
 .text.PIO_Initialize
                0x0040081c       0x98 build/RobotNetwork/production/_ext/556624219/plib_pio.o
                0x0040081c                PIO_Initialize

.text.__pic32c_data_initialization%9
                0x004008b4       0x94
 .text.__pic32c_data_initialization
                0x004008b4       0x94 c:/program files (x86)/microchip/xc32/v2.10/bin/bin/../../lib/gcc/pic32c/6.2.1/../../../../pic32c/lib/v7e-m/fpv5/hard\libpic32c.a(data_init.o)
                0x004008b4                __pic32c_data_initialization

.text%10        0x00400948       0x6c
 .text          0x00400948       0x6c c:/program files (x86)/microchip/xc32/v2.10/bin/bin/../../lib/gcc/pic32c/6.2.1/v7e-m/fpv5/hard/crtbegin.o

.text.CLOCK_Initialize%11
                0x004009b4       0x60
 .text.CLOCK_Initialize
                0x004009b4       0x60 build/RobotNetwork/production/_ext/556611815/plib_clk.o
                0x004009b4                CLOCK_Initialize

.text.__libc_init_array%12
                0x00400a14       0x50
 .text.__libc_init_array
                0x00400a14       0x50 c:/program files (x86)/microchip/xc32/v2.10/bin/bin/../../lib/gcc/pic32c/6.2.1/../../../../pic32c/lib/v7e-m/fpv5/hard\libc.a(lib_a-init.o)
                0x00400a14                __libc_init_array

.text.__libc_fini_array%13
                0x00400a64       0x34
 .text.__libc_fini_array
                0x00400a64       0x34 c:/program files (x86)/microchip/xc32/v2.10/bin/bin/../../lib/gcc/pic32c/6.2.1/../../../../pic32c/lib/v7e-m/fpv5/hard\libc.a(lib_a-fini.o)
                0x00400a64                __libc_fini_array

.text.SYS_Initialize%14
                0x00400a98       0x24
 .text.SYS_Initialize
                0x00400a98       0x24 build/RobotNetwork/production/_ext/2059666889/initialization.o
                0x00400a98                SYS_Initialize

.text.NVIC_Initialize%15
                0x00400abc       0x24
 .text.NVIC_Initialize
                0x00400abc       0x24 build/RobotNetwork/production/_ext/75434429/plib_nvic.o
                0x00400abc                NVIC_Initialize

.text.register_fini%16
                0x00400ae0       0x14
 .text.register_fini
                0x00400ae0       0x14 c:/program files (x86)/microchip/xc32/v2.10/bin/bin/../../lib/gcc/pic32c/6.2.1/../../../../pic32c/lib/v7e-m/fpv5/hard\libc.a(lib_a-__call_atexit.o)

.text.EFC_Initialize%17
                0x00400af4       0x10
 .text.EFC_Initialize
                0x00400af4       0x10 build/RobotNetwork/production/_ext/556613543/plib_efc.o
                0x00400af4                EFC_Initialize

.text.atexit%18
                0x00400b04        0xc
 .text.atexit   0x00400b04        0xc c:/program files (x86)/microchip/xc32/v2.10/bin/bin/../../lib/gcc/pic32c/6.2.1/../../../../pic32c/lib/v7e-m/fpv5/hard\libc.a(lib_a-atexit.o)
                0x00400b04                atexit

.text.main%19   0x00400b10        0xa
 .text.main     0x00400b10        0xa build/RobotNetwork/production/_ext/1360937237/main.o
                0x00400b10                main

.rodata._global_impure_ptr%20
                0x00400b1c        0x4
 .rodata._global_impure_ptr
                0x00400b1c        0x4 c:/program files (x86)/microchip/xc32/v2.10/bin/bin/../../lib/gcc/pic32c/6.2.1/../../../../pic32c/lib/v7e-m/fpv5/hard\libc.a(lib_a-impure.o)
                0x00400b1c                _global_impure_ptr

.text.Dummy_Handler%21
                0x00400b1a        0x2
 .text.Dummy_Handler
                0x00400b1a        0x2 build/RobotNetwork/production/_ext/2059666889/interrupts.o
                0x00400b1a                DACC_Handler
                0x00400b1a                SVCall_Handler
                0x00400b1a                TC0_CH2_Handler
                0x00400b1a                TC3_CH1_Handler
                0x00400b1a                UART3_Handler
                0x00400b1a                UART2_Handler
                0x00400b1a                TRNG_Handler
                0x00400b1a                SysTick_Handler
                0x00400b1a                AFEC1_Handler
                0x00400b1a                PendSV_Handler
                0x00400b1a                TC0_CH1_Handler
                0x00400b1a                QSPI_Handler
                0x00400b1a                ISI_Handler
                0x00400b1a                MCAN0_INT0_Handler
                0x00400b1a                RSWDT_Handler
                0x00400b1a                USART0_Handler
                0x00400b1a                TC1_CH2_Handler
                0x00400b1a                RTT_Handler
                0x00400b1a                USBHS_Handler
                0x00400b1a                IXC_Handler
                0x00400b1a                CCF_Handler
                0x00400b1a                PIOB_Handler
                0x00400b1a                RTC_Handler
                0x00400b1a                WDT_Handler
                0x00400b1a                MCAN1_INT1_Handler
                0x00400b1a                HSMCI_Handler
                0x00400b1a                UART1_Handler
                0x00400b1a                Dummy_Handler
                0x00400b1a                TWIHS1_Handler
                0x00400b1a                TC3_CH2_Handler
                0x00400b1a                XDMAC_Handler
                0x00400b1a                UART4_Handler
                0x00400b1a                TC2_CH0_Handler
                0x00400b1a                PWM1_Handler
                0x00400b1a                USART1_Handler
                0x00400b1a                PWM0_Handler
                0x00400b1a                PIOA_Handler
                0x00400b1a                AFEC0_Handler
                0x00400b1a                CCW_Handler
                0x00400b1a                TC3_CH0_Handler
                0x00400b1a                SSC_Handler
                0x00400b1a                TC1_CH0_Handler
                0x00400b1a                ACC_Handler
                0x00400b1a                PMC_Handler
                0x00400b1a                GMAC_Handler
                0x00400b1a                TC2_CH2_Handler
                0x00400b1a                MCAN0_INT1_Handler
                0x00400b1a                GMAC_Q5_Handler
                0x00400b1a                SUPC_Handler
                0x00400b1a                TC2_CH1_Handler
                0x00400b1a                MCAN1_INT0_Handler
                0x00400b1a                EFC_Handler
                0x00400b1a                GMAC_Q1_Handler
                0x00400b1a                USART2_Handler
                0x00400b1a                SDRAMC_Handler
                0x00400b1a                GMAC_Q2_Handler
                0x00400b1a                PIOE_Handler
                0x00400b1a                SPI1_Handler
                0x00400b1a                TC1_CH1_Handler
                0x00400b1a                GMAC_Q3_Handler
                0x00400b1a                PIOD_Handler
                0x00400b1a                TWIHS2_Handler
                0x00400b1a                MLB_Handler
                0x00400b1a                I2SC0_Handler
                0x00400b1a                UART0_Handler
                0x00400b1a                I2SC1_Handler
                0x00400b1a                TC0_CH0_Handler
                0x00400b1a                PIOC_Handler
                0x00400b1a                GMAC_Q4_Handler
                0x00400b1a                FPU_Handler
                0x00400b1a                RSTC_Handler
                0x00400b1a                ICM_Handler
                0x00400b1a                AES_Handler
                0x00400b1a                TWIHS0_Handler
                0x00400b1a                SPI0_Handler

.text.NonMaskableInt_Handler%22
                0x00400b20        0x2
 .text.NonMaskableInt_Handler
                0x00400b20        0x2 build/RobotNetwork/production/_ext/2059666889/exceptions.o
                0x00400b20                NonMaskableInt_Handler

.text.HardFault_Handler%23
                0x00400b22        0x2
 .text.HardFault_Handler
                0x00400b22        0x2 build/RobotNetwork/production/_ext/2059666889/exceptions.o
                0x00400b22                HardFault_Handler

.text.DebugMonitor_Handler%24
                0x00400b24        0x2
 .text.DebugMonitor_Handler
                0x00400b24        0x2 build/RobotNetwork/production/_ext/2059666889/exceptions.o
                0x00400b24                DebugMonitor_Handler

.text.MemoryManagement_Handler%25
                0x00400b26        0x2
 .text.MemoryManagement_Handler
                0x00400b26        0x2 build/RobotNetwork/production/_ext/2059666889/exceptions.o
                0x00400b26                MemoryManagement_Handler

.text.BusFault_Handler%26
                0x00400b28        0x2
 .text.BusFault_Handler
                0x00400b28        0x2 build/RobotNetwork/production/_ext/2059666889/exceptions.o
                0x00400b28                BusFault_Handler

.text.UsageFault_Handler%27
                0x00400b2a        0x2
 .text.UsageFault_Handler
                0x00400b2a        0x2 build/RobotNetwork/production/_ext/2059666889/exceptions.o
                0x00400b2a                UsageFault_Handler
